// Vitest Snapshot v1, https://vitest.dev/guide/snapshot.html

exports[`<MyCounter /> > should match snapshot 1`] = `
"<section>
  <h2>Counter: 10</h2>
  <h3>Square: 100</h3>
  <div><button class="btn">+1</button><button class="btn">-1</button></div>
</section>"
`;
